docker : time="2026-02-21T23:51:43+05:30" 
level=warning 
msg="H:\\boringwebsite\\docker-compose.yml: the 
attribute `version` is obsolete, it will be 
ignored, please remove it to avoid potential 
confusion"
At line:1 char:1
+ docker compose run --rm test sh -c "npx jest 
--verbose 2>&1" > H:\bor ...
+ ~~~~~~~~~~~~~~~~~~~~~~~~~~~~~~~~~~~~~~~~~~~~~~~~~~
~~~~~~~~~~~~~~~~~~~
    + CategoryInfo          : NotSpecified: (time=" 
   2026-02-2...tial confusion":String) [], RemoteE  
  xception
    + FullyQualifiedErrorId : NativeCommandError
 
time="2026-02-21T23:51:43+05:30" level=warning 
msg="No services to build"
time="2026-02-21T23:51:43+05:30" level=warning 
msg="No services to build"
 Container boringwebsite-test-run-56c162a4dd8c 
Creating 
 Container boringwebsite-test-run-56c162a4dd8c 
Created 
PASS tests/post-social.test.js
  Post Social Script
    Quote Data Reading
      Γ£ô can read current-quote.json (8 ms)
      Γ£ô quote has text suitable for social media (1 ms)
      Γ£ô quote has valid author for social media (1 ms)
    Tweet Formatting
      Γ£ô tweet format includes quote text (1 ms)
      Γ£ô tweet includes hashtags (1 ms)
      Γ£ô tweet includes site URL (1 ms)
      Γ£ô tweet with longest quote stays under 500 chars (1 ms)
    Environment Variable Handling
      Γ£ô SITE_URL defaults to dailylift.site when not set (1 ms)
      Γ£ô TWITTER_BEARER_TOKEN defaults to empty string
      Γ£ô IFTTT_WEBHOOK_KEY defaults to empty string (1 ms)
    IFTTT Webhook Payload
      Γ£ô webhook payload has correct structure (7 ms)
      Γ£ô webhook payload JSON is valid (1 ms)

PASS tests/fetch-quote.test.js
  Fetch Quote Script
    Data File Validation
      Γ£ô current-quote.json exists (6 ms)
      Γ£ô current-quote.json has valid structure (2 ms)
      Γ£ô current-quote.json date is valid ISO format
      Γ£ô current-quote.json text is non-empty
      Γ£ô current-quote.json author is non-empty
    Collection File Validation
      Γ£ô quotes-collection.json exists
      Γ£ô quotes-collection.json is an array (1 ms)
      Γ£ô collection has at least 10 quotes (1 ms)
      Γ£ô each collection entry has text and author (30 ms)
      Γ£ô no duplicate quotes in collection
      Γ£ô all quotes have non-empty text (2 ms)
      Γ£ô all quotes have non-empty author (4 ms)
    Duplicate Detection Logic
      Γ£ô identical texts are detected as duplicates
      Γ£ô case-insensitive duplicate detection
      Γ£ô unique quotes are not detected as duplicates (1 ms)
      Γ£ô whitespace-trimmed duplicate detection

FAIL tests/generate-sitemap.test.js
  Generate Sitemap
    Γ£ò sitemap.xml exists in dist/ (10 ms)
    Γ£ò sitemap starts with XML declaration (1 ms)
    Γ£ò sitemap uses correct namespace
    Γ£ò sitemap has urlset root element (1 ms)
    Γ£ò each URL entry has loc, lastmod, changefreq, and priority
    Γ£ò homepage has priority 1.0 (1 ms)
    Γ£ò tools page has priority 0.9
    Γ£ò blog posts have priority 0.6
    Γ£ò lastmod dates are valid ISO date format (1 ms)
    Γ£ò all URLs use HTTPS
    Γ£ò sitemap includes all core pages (1 ms)
    Γ£ò changefreq values are valid (1 ms)

  ΓùÅ Generate Sitemap ΓÇ║ sitemap.xml exists in dist/

    expect(received).toBe(expected) // Object.is equality

    Expected: true
    Received: false

      13 |
      14 |     test('sitemap.xml exists in dist/', () => {
    > 15 |         expect(fs.existsSync(path.join(DIST, 'sitemap.xml'))).toBe(true);
         |                                                               ^
      16 |     });
      17 |
      18 |     test('sitemap starts with XML declaration', () => {

      at Object.toBe (tests/generate-sitemap.test.js:15:63)

  ΓùÅ Generate Sitemap ΓÇ║ sitemap starts with XML declaration

    ENOENT: no such file or directory, open '/app/dist/sitemap.xml'

      17 |
      18 |     test('sitemap starts with XML declaration', () => {
    > 19 |         const content = fs.readFileSync(path.join(DIST, 'sitemap.xml'), 'utf-8');
         |                            ^
      20 |         expect(content.startsWith('<?xml version="1.0"')).toBe(true);
      21 |     });
      22 |

      at Object.readFileSync (tests/generate-sitemap.test.js:19:28)

  ΓùÅ Generate Sitemap ΓÇ║ sitemap uses correct namespace

    ENOENT: no such file or directory, open '/app/dist/sitemap.xml'

      22 |
      23 |     test('sitemap uses correct namespace', () => {
    > 24 |         const content = fs.readFileSync(path.join(DIST, 'sitemap.xml'), 'utf-8');
         |                            ^
      25 |         expect(content).toContain('http://www.sitemaps.org/schemas/sitemap/0.9');
      26 |     });
      27 |

      at Object.readFileSync (tests/generate-sitemap.test.js:24:28)

  ΓùÅ Generate Sitemap ΓÇ║ sitemap has urlset root element

    ENOENT: no such file or directory, open '/app/dist/sitemap.xml'

      27 |
      28 |     test('sitemap has urlset root element', () => {
    > 29 |         const content = fs.readFileSync(path.join(DIST, 'sitemap.xml'), 'utf-8');
         |                            ^
      30 |         expect(content).toContain('<urlset');
      31 |         expect(content).toContain('</urlset>');
      32 |     });

      at Object.readFileSync (tests/generate-sitemap.test.js:29:28)

  ΓùÅ Generate Sitemap ΓÇ║ each URL entry has loc, lastmod, changefreq, and priority

    ENOENT: no such file or directory, open '/app/dist/sitemap.xml'

      33 |
      34 |     test('each URL entry has loc, lastmod, changefreq, and priority', () => {
    > 35 |         const content = fs.readFileSync(path.join(DIST, 'sitemap.xml'), 'utf-8');
         |                            ^
      36 |         const urlBlocks = content.match(/<url>[\s\S]*?<\/url>/g);
      37 |         expect(urlBlocks).not.toBeNull();
      38 |         expect(urlBlocks.length).toBeGreaterThan(0);

      at Object.readFileSync (tests/generate-sitemap.test.js:35:28)

  ΓùÅ Generate Sitemap ΓÇ║ homepage has priority 1.0

    ENOENT: no such file or directory, open '/app/dist/sitemap.xml'

      47 |
      48 |     test('homepage has priority 1.0', () => {
    > 49 |         const content = fs.readFileSync(path.join(DIST, 'sitemap.xml'), 'utf-8');
         |                            ^
      50 |         // Find the index.html URL entry
      51 |         const indexPattern = /<url>\s*<loc>[^<]*dailylift\.site\/<\/loc>[\s\S]*?<priority>1\.0<\/priority>/;
      52 |         expect(content).toMatch(indexPattern);

      at Object.readFileSync (tests/generate-sitemap.test.js:49:28)

  ΓùÅ Generate Sitemap ΓÇ║ tools page has priority 0.9

    ENOENT: no such file or directory, open '/app/dist/sitemap.xml'

      54 |
      55 |     test('tools page has priority 0.9', () => {
    > 56 |         const content = fs.readFileSync(path.join(DIST, 'sitemap.xml'), 'utf-8');
         |                            ^
      57 |         expect(content).toContain('tools.html');
      58 |         const toolsSection = content.substring(
      59 |             content.indexOf('tools.html'),

      at Object.readFileSync (tests/generate-sitemap.test.js:56:28)

  ΓùÅ Generate Sitemap ΓÇ║ blog posts have priority 0.6

    ENOENT: no such file or directory, open '/app/dist/sitemap.xml'

      64 |
      65 |     test('blog posts have priority 0.6', () => {
    > 66 |         const content = fs.readFileSync(path.join(DIST, 'sitemap.xml'), 'utf-8');
         |                            ^
      67 |         const blogUrlPattern = /blog\/.*?\.html/;
      68 |         expect(content).toMatch(blogUrlPattern);
      69 |     });

      at Object.readFileSync (tests/generate-sitemap.test.js:66:28)

  ΓùÅ Generate Sitemap ΓÇ║ lastmod dates are valid ISO date format

    ENOENT: no such file or directory, open '/app/dist/sitemap.xml'

      70 |
      71 |     test('lastmod dates are valid ISO date format', () => {
    > 72 |         const content = fs.readFileSync(path.join(DIST, 'sitemap.xml'), 'utf-8');
         |                            ^
      73 |         const dates = content.match(/<lastmod>(.*?)<\/lastmod>/g);
      74 |         expect(dates).not.toBeNull();
      75 |         dates.forEach(dateTag => {

      at Object.readFileSync (tests/generate-sitemap.test.js:72:28)

  ΓùÅ Generate Sitemap ΓÇ║ all URLs use HTTPS

    ENOENT: no such file or directory, open '/app/dist/sitemap.xml'

      80 |
      81 |     test('all URLs use HTTPS', () => {
    > 82 |         const content = fs.readFileSync(path.join(DIST, 'sitemap.xml'), 'utf-8');
         |                            ^
      83 |         const locs = content.match(/<loc>(.*?)<\/loc>/g);
      84 |         expect(locs).not.toBeNull();
      85 |         locs.forEach(loc => {

      at Object.readFileSync (tests/generate-sitemap.test.js:82:28)

  ΓùÅ Generate Sitemap ΓÇ║ sitemap includes all core pages

    ENOENT: no such file or directory, open '/app/dist/sitemap.xml'

      90 |
      91 |     test('sitemap includes all core pages', () => {
    > 92 |         const content = fs.readFileSync(path.join(DIST, 'sitemap.xml'), 'utf-8');
         |                            ^
      93 |         const requiredPages = ['tools.html', 'blog.html', 'about.html'];
      94 |         requiredPages.forEach(page => {
      95 |             expect(content).toContain(page);

      at Object.readFileSync (tests/generate-sitemap.test.js:92:28)

  ΓùÅ Generate Sitemap ΓÇ║ changefreq values are valid

    ENOENT: no such file or directory, open '/app/dist/sitemap.xml'

       98 |
       99 |     test('changefreq values are valid', () => {
    > 100 |         const content = fs.readFileSync(path.join(DIST, 'sitemap.xml'), 'utf-8');
          |                            ^
      101 |         const freqs = content.match(/<changefreq>(.*?)<\/changefreq>/g);
      102 |         const validFreqs = ['always', 'hourly', 'daily', 'weekly', 'monthly', 'yearly', 'never'];
      103 |         freqs.forEach(freq => {

      at Object.readFileSync (tests/generate-sitemap.test.js:100:28)

FAIL tests/lint.test.js
  Lint Checks
    HTML Files
      Γ£ô index.html has DOCTYPE (7 ms)
      Γ£ô tools.html has DOCTYPE (1 ms)
      Γ£ô blog.html has DOCTYPE (1 ms)
      Γ£ô about.html has DOCTYPE (1 ms)
      Γ£ô index.html has charset meta (1 ms)
      Γ£ô tools.html has charset meta (1 ms)
      Γ£ô blog.html has charset meta (1 ms)
      Γ£ô about.html has charset meta (1 ms)
      Γ£ô index.html has viewport meta (1 ms)
      Γ£ô tools.html has viewport meta (1 ms)
      Γ£ô blog.html has viewport meta (1 ms)
      Γ£ô about.html has viewport meta
      Γ£ô index.html has non-empty title (1 ms)
      Γ£ô tools.html has non-empty title (1 ms)
      Γ£ô blog.html has non-empty title (1 ms)
      Γ£ô about.html has non-empty title (1 ms)
      Γ£ô index.html has lang attribute (1 ms)
      Γ£ô tools.html has lang attribute
      Γ£ô blog.html has lang attribute (1 ms)
      Γ£ô about.html has lang attribute
    JavaScript Files
      Γ£ô no JS file uses eval() (2 ms)
      Γ£ô no JS file uses document.write() (2 ms)
      Γ£ô all JS files are non-empty (2 ms)
    JSON Files
      Γ£ô current-quote.json is valid JSON (1 ms)
      Γ£ô quotes-collection.json is valid JSON (1 ms)
    YAML Files
      Γ£ò YAML files exist (2 ms)
      Γ£ô no YAML file contains tabs
      Γ£ô all YAML files are non-empty
    CSS Files
      Γ£ô style.css has balanced curly braces (2 ms)
      Γ£ô style.css is non-empty (1 ms)
      Γ£ô style.css imports Google Fonts (10 ms)
      Γ£ô style.css defines CSS custom properties
      Γ£ô style.css has responsive breakpoints (1 ms)
    File Structure
      Γ£ò required directories exist (1 ms)
      Γ£ò required root files exist
      Γ£ô blog has at least 10 markdown articles (1 ms)
      Γ£ò workflows directory has required YAML files

  ΓùÅ Lint Checks ΓÇ║ YAML Files ΓÇ║ YAML files exist

    expect(received).toBeGreaterThan(expected)

    Expected: > 0
    Received:   0

      109 |
      110 |         test('YAML files exist', () => {
    > 111 |             expect(yamlFiles.length).toBeGreaterThan(0);
          |                                      ^
      112 |         });
      113 |
      114 |         test('no YAML file contains tabs', () => {

      at Object.toBeGreaterThan (tests/lint.test.js:111:38)

  ΓùÅ Lint Checks ΓÇ║ File Structure ΓÇ║ required directories exist

    expect(received).toBe(expected) // Object.is equality

    Expected: true
    Received: false

      164 |             expect(fs.existsSync(path.join(ROOT, 'data'))).toBe(true);
      165 |             expect(fs.existsSync(path.join(ROOT, 'content', 'blog'))).toBe(true);
    > 166 |             expect(fs.existsSync(path.join(ROOT, '.github', 'workflows'))).toBe(true);
          |                                                                            ^
      167 |         });
      168 |
      169 |         test('required root files exist', () => {

      at Object.toBe (tests/lint.test.js:166:76)

  ΓùÅ Lint Checks ΓÇ║ File Structure ΓÇ║ required root files exist

    expect(received).toBe(expected) // Object.is equality

    Expected: true
    Received: false

      169 |         test('required root files exist', () => {
      170 |             expect(fs.existsSync(path.join(ROOT, 'package.json'))).toBe(true);
    > 171 |             expect(fs.existsSync(path.join(ROOT, 'README.md'))).toBe(true);
          |                                                                 ^
      172 |             expect(fs.existsSync(path.join(ROOT, 'netlify.toml'))).toBe(true);
      173 |             expect(fs.existsSync(path.join(ROOT, '.gitignore'))).toBe(true);
      174 |             expect(fs.existsSync(path.join(ROOT, 'Dockerfile'))).toBe(true);

      at Object.toBe (tests/lint.test.js:171:65)

  ΓùÅ Lint Checks ΓÇ║ File Structure ΓÇ║ workflows directory has required YAML files

    ENOENT: no such file or directory, scandir '/app/.github/workflows'

      182 |
      183 |         test('workflows directory has required YAML files', () => {
    > 184 |             const yamlFiles = fs.readdirSync(path.join(ROOT, '.github', 'workflows'));
          |                                  ^
      185 |             expect(yamlFiles).toContain('deploy.yml');
      186 |             expect(yamlFiles).toContain('update-content.yml');
      187 |             expect(yamlFiles).toContain('weekly-blog.yml');

      at Object.readdirSync (tests/lint.test.js:184:34)

  console.log
    ≡ƒö¿ Building DailyLift...

      at log (scripts/build.js:179:11)

  console.log
    ≡ƒº╣ Cleaned dist/

      at log (scripts/build.js:183:11)

  console.log
    ≡ƒôü Copied src/ ΓåÆ dist/

      at log (scripts/build.js:187:11)

  console.log
    ≡ƒôè Copied data/ ΓåÆ dist/data/

      at log (scripts/build.js:191:11)

  console.log
    ≡ƒô¥ Processing blog posts...

      at log (scripts/build.js:43:11)

  console.log
      Γ£à build-healthy-daily-routine.html

      at log (scripts/build.js:168:13)

  console.log
      Γ£à digital-minimalism-reclaim-attention.html

      at log (scripts/build.js:168:13)

  console.log
      Γ£à free-tools-every-student.html

      at log (scripts/build.js:168:13)

  console.log
      Γ£à guide-splitting-bills-fairly.html

      at log (scripts/build.js:168:13)

  console.log
      Γ£à metric-imperial-conversion-guide.html

      at log (scripts/build.js:168:13)

  console.log
      Γ£à morning-habits-productivity.html

      at log (scripts/build.js:168:13)

  console.log
      Γ£à personal-finance-money-rules.html

      at log (scripts/build.js:168:13)

  console.log
      Γ£à powerful-quotes-start-week.html

      at log (scripts/build.js:168:13)

  console.log
      Γ£à science-of-motivation-quotes.html

      at log (scripts/build.js:168:13)

  console.log
      Γ£à understanding-bmi-health.html

      at log (scripts/build.js:168:13)

  console.log
    ≡ƒôæ Generated blog-index.json (10 posts)

      at log (scripts/build.js:200:11)

  console.log
    ≡ƒñû Generated robots.txt

      at log (scripts/build.js:208:11)

  console.log
    ≡ƒù║∩╕Å Generating sitemap.xml...

      at log (scripts/generate-sitemap.js:28:13)

  console.log
    Γ£à Generated sitemap.xml with 14 URLs

      at log (scripts/generate-sitemap.js:58:13)

  console.log
    
    Γ£à Build complete! Output: dist/

      at log (scripts/build.js:213:11)

  console.log
    ≡ƒö¿ Building DailyLift...

      at log (scripts/build.js:179:11)

  console.log
    ≡ƒº╣ Cleaned dist/

      at log (scripts/build.js:183:11)

  console.log
    ≡ƒôü Copied src/ ΓåÆ dist/

      at log (scripts/build.js:187:11)

  console.log
    ≡ƒôè Copied data/ ΓåÆ dist/data/

      at log (scripts/build.js:191:11)

  console.log
    ≡ƒô¥ Processing blog posts...

      at log (scripts/build.js:43:11)

  console.log
      Γ£à build-healthy-daily-routine.html

      at log (scripts/build.js:168:13)

  console.log
      Γ£à digital-minimalism-reclaim-attention.html

      at log (scripts/build.js:168:13)

  console.log
      Γ£à free-tools-every-student.html

      at log (scripts/build.js:168:13)

  console.log
      Γ£à guide-splitting-bills-fairly.html

      at log (scripts/build.js:168:13)

  console.log
      Γ£à metric-imperial-conversion-guide.html

      at log (scripts/build.js:168:13)

  console.log
      Γ£à morning-habits-productivity.html

      at log (scripts/build.js:168:13)

  console.log
      Γ£à personal-finance-money-rules.html

      at log (scripts/build.js:168:13)

  console.log
      Γ£à powerful-quotes-start-week.html

      at log (scripts/build.js:168:13)

  console.log
      Γ£à science-of-motivation-quotes.html

      at log (scripts/build.js:168:13)

  console.log
      Γ£à understanding-bmi-health.html

      at log (scripts/build.js:168:13)

  console.log
    ≡ƒôæ Generated blog-index.json (10 posts)

      at log (scripts/build.js:200:11)

  console.log
    ≡ƒñû Generated robots.txt

      at log (scripts/build.js:208:11)

  console.log
    ≡ƒù║∩╕Å Generating sitemap.xml...

      at log (scripts/generate-sitemap.js:28:13)

  console.log
    Γ£à Generated sitemap.xml with 14 URLs

      at log (scripts/generate-sitemap.js:58:13)

  console.log
    
    Γ£à Build complete! Output: dist/

      at log (scripts/build.js:213:11)

  console.log
    ≡ƒö¿ Building DailyLift...

      at log (scripts/build.js:179:11)

  console.log
    ≡ƒº╣ Cleaned dist/

      at log (scripts/build.js:183:11)

FAIL tests/html-validation.test.js
  ΓùÅ Test suite failed to run

    ReferenceError: File is not defined

       7 | const fs = require('fs');
       8 | const path = require('path');
    >  9 | const cheerio = require('cheerio');
         |                 ^
      10 |
      11 | const SRC = path.join(__dirname, '..', 'src');
      12 | const PAGES = ['index.html', 'tools.html', 'blog.html', 'about.html'];

      at Object.<anonymous> (node_modules/undici/lib/web/webidl/index.js:534:48)
      at Object.<anonymous> (node_modules/undici/lib/web/fetch/util.js:12:20)
      at Object.<anonymous> (node_modules/undici/lib/web/fetch/headers.js:11:5)
      at Object.<anonymous> (node_modules/undici/lib/web/fetch/response.js:3:90)
      at Object.<anonymous> (node_modules/undici/lib/web/fetch/index.js:12:5)
      at Object.<anonymous> (node_modules/undici/index.js:122:19)
      at Object.<anonymous> (node_modules/cheerio/src/index.ts:24:1)
      at Object.require (tests/html-validation.test.js:9:17)

  console.log
    ≡ƒôü Copied src/ ΓåÆ dist/

      at log (scripts/build.js:187:11)

  console.log
    ≡ƒôè Copied data/ ΓåÆ dist/data/

      at log (scripts/build.js:191:11)

  console.log
    ≡ƒô¥ Processing blog posts...

      at log (scripts/build.js:43:11)

  console.log
      Γ£à build-healthy-daily-routine.html

      at log (scripts/build.js:168:13)

  console.log
      Γ£à digital-minimalism-reclaim-attention.html

      at log (scripts/build.js:168:13)

  console.log
      Γ£à free-tools-every-student.html

      at log (scripts/build.js:168:13)

  console.log
      Γ£à guide-splitting-bills-fairly.html

      at log (scripts/build.js:168:13)

  console.log
      Γ£à metric-imperial-conversion-guide.html

      at log (scripts/build.js:168:13)

  console.log
      Γ£à morning-habits-productivity.html

      at log (scripts/build.js:168:13)

  console.log
      Γ£à personal-finance-money-rules.html

      at log (scripts/build.js:168:13)

  console.log
      Γ£à powerful-quotes-start-week.html

      at log (scripts/build.js:168:13)

  console.log
      Γ£à science-of-motivation-quotes.html

      at log (scripts/build.js:168:13)

  console.log
      Γ£à temp-missing-frontmatter.html

      at log (scripts/build.js:168:13)

  console.log
      Γ£à understanding-bmi-health.html

      at log (scripts/build.js:168:13)

  console.log
    ≡ƒôæ Generated blog-index.json (11 posts)

      at log (scripts/build.js:200:11)

  console.log
    ≡ƒñû Generated robots.txt

      at log (scripts/build.js:208:11)

  console.log
    ≡ƒù║∩╕Å Generating sitemap.xml...

      at log (scripts/generate-sitemap.js:28:13)

  console.log
    Γ£à Generated sitemap.xml with 15 URLs

      at log (scripts/generate-sitemap.js:58:13)

  console.log
    
    Γ£à Build complete! Output: dist/

      at log (scripts/build.js:213:11)

  console.log
    ≡ƒö¿ Building DailyLift...

      at log (scripts/build.js:179:11)

  console.log
    ≡ƒº╣ Cleaned dist/

      at log (scripts/build.js:183:11)

  console.log
    ≡ƒôü Copied src/ ΓåÆ dist/

      at log (scripts/build.js:187:11)

  console.log
    ≡ƒôè Copied data/ ΓåÆ dist/data/

      at log (scripts/build.js:191:11)

  console.log
    ≡ƒô¥ Processing blog posts...

      at log (scripts/build.js:43:11)

  console.log
      Γ£à build-healthy-daily-routine.html

      at log (scripts/build.js:168:13)

  console.log
      Γ£à digital-minimalism-reclaim-attention.html

      at log (scripts/build.js:168:13)

  console.log
      Γ£à free-tools-every-student.html

      at log (scripts/build.js:168:13)

  console.log
      Γ£à guide-splitting-bills-fairly.html

      at log (scripts/build.js:168:13)

  console.log
      Γ£à metric-imperial-conversion-guide.html

      at log (scripts/build.js:168:13)

  console.log
      Γ£à morning-habits-productivity.html

      at log (scripts/build.js:168:13)

  console.log
      Γ£à personal-finance-money-rules.html

      at log (scripts/build.js:168:13)

  console.log
      Γ£à powerful-quotes-start-week.html

      at log (scripts/build.js:168:13)

  console.log
      Γ£à science-of-motivation-quotes.html

      at log (scripts/build.js:168:13)

  console.log
      Γ£à understanding-bmi-health.html

      at log (scripts/build.js:168:13)

  console.log
    ≡ƒôæ Generated blog-index.json (10 posts)

      at log (scripts/build.js:200:11)

  console.log
    ≡ƒñû Generated robots.txt

      at log (scripts/build.js:208:11)

  console.log
    ≡ƒù║∩╕Å Generating sitemap.xml...

      at log (scripts/generate-sitemap.js:28:13)

  console.log
    Γ£à Generated sitemap.xml with 14 URLs

      at log (scripts/generate-sitemap.js:58:13)

  console.log
    
    Γ£à Build complete! Output: dist/

      at log (scripts/build.js:213:11)

FAIL tests/build.test.js
  Build Script
    Directory Structure
      Γ£ô creates dist/ directory (3 ms)
      Γ£ô creates dist/css/ directory
      Γ£ô creates dist/js/ directory (1 ms)
      Γ£ô creates dist/tools/ directory
      Γ£ô creates dist/data/ directory (1 ms)
      Γ£ô creates dist/blog/ directory
    Source File Copying
      Γ£ô copies index.html to dist/ (1 ms)
      Γ£ô copies style.css to dist/css/
    Data Files
      Γ£ô copies current-quote.json to dist/data/
    Blog Processing
      Γ£ô generates blog-index.json in dist/data/ (1 ms)
      Γ£ô blog-index.json is valid JSON array
    SEO Files
      Γ£ô generates robots.txt in dist/
      Γ£ô generates sitemap.xml in dist/
    Branch Coverage Edge Cases
      Γ£ô handles cleanDir when directory does not exist (55 ms)
      Γ£ò handles missing blog content directory gracefully (1 ms)
      Γ£ô handles blog posts with missing frontmatter fields (97 ms)
      Γ£ô handles copyRecursive with missing source directory (8 ms)

  ΓùÅ Build Script ΓÇ║ Branch Coverage Edge Cases ΓÇ║ handles missing blog content directory gracefully

    EXDEV: cross-device link not permitted, rename '/app/content/blog' -> '/app/content/blog_backup'

      105 |             // Rename the content directory temporarily
      106 |             const backupPath = path.join(ROOT, 'content', 'blog_backup');
    > 107 |             fs.renameSync(CONTENT, backupPath);
          |                ^
      108 |
      109 |             // Run build block
      110 |             jest.resetModules();

      at Object.renameSync (tests/build.test.js:107:16)

PASS tests/bill-splitter.test.js
  Bill Splitter Tool
    Basic Calculations
      Γ£ô splits Γé╣1000 between 2 people with 0% tip (36 ms)
      Γ£ô splits Γé╣1000 between 4 people with 10% tip (7 ms)
      Γ£ô splits Γé╣2500 between 3 people with 15% tip (7 ms)
      Γ£ô handles single person (4 ms)
      Γ£ô handles large group of 10 people (4 ms)
    Tip Calculations
      Γ£ô 0% tip gives no additional amount (7 ms)
      Γ£ô 100% tip doubles the bill (5 ms)
      Γ£ô 5% tip on Γé╣200 (6 ms)
    Result Display
      Γ£ô result box gets visible class after calculation (7 ms)
      Γ£ô results format with 2 decimal places (3 ms)
    Edge Cases
      Γ£ô handles decimal bill amount (3 ms)
      Γ£ô handles no tip input (defaults to 0) (3 ms)
      Γ£ô handles missing inputs with alerts (4 ms)
      Γ£ô handles invalid people count (2 ms)
      Γ£ô initializes without form gracefully (3 ms)

PASS tests/bmi-calculator.test.js
  BMI Calculator Tool
    BMI Formula
      Γ£ô 70kg, 175cm ΓåÆ BMI Γëê 22.9 (35 ms)
      Γ£ô 50kg, 160cm ΓåÆ BMI Γëê 19.5 (7 ms)
      Γ£ô 100kg, 180cm ΓåÆ BMI Γëê 30.9 (21 ms)
      Γ£ô 45kg, 170cm ΓåÆ BMI Γëê 15.6 (4 ms)
    BMI Categories
      Γ£ô BMI < 16 ΓåÆ Severely Underweight (8 ms)
      Γ£ô 16 <= BMI < 18.5 ΓåÆ Underweight (10 ms)
      Γ£ô 18.5 <= BMI < 25 ΓåÆ Normal (5 ms)
      Γ£ô 25 <= BMI < 30 ΓåÆ Overweight (4 ms)
      Γ£ô 30 <= BMI < 35 ΓåÆ Obese Class I (4 ms)
      Γ£ô 35 <= BMI < 40 ΓåÆ Obese Class II (3 ms)
      Γ£ô BMI >= 40 ΓåÆ Obese Class III (3 ms)
    Gauge Display
      Γ£ô gauge becomes visible after calculation (6 ms)
      Γ£ô gauge marker position is within 0-100% range (3 ms)
      Γ£ô higher BMI positions marker further right (2 ms)
      Γ£ô gauge caps at 100% for extreme BMI (4 ms)
    Result Display
      Γ£ô result box gets visible class (9 ms)
      Γ£ô BMI value shows 1 decimal place (5 ms)
    Edge Cases
      Γ£ô handles missing weight with alert (3 ms)
      Γ£ô handles missing height with alert (3 ms)
      Γ£ô handles invalid height <= 0 with alert (2 ms)
      Γ£ô initializes without form gracefully (5 ms)

PASS tests/unit-converter.test.js
  Unit Converter Tool
    Length Conversions
      Γ£ô 1 kilometer = 1000 meters (61 ms)
      Γ£ô 1 mile Γëê 1.609 kilometers (23 ms)
      Γ£ô 1 foot = 12 inches (11 ms)
      Γ£ô 100 centimeters = 1 meter (13 ms)
    Weight Conversions
      Γ£ô 1 kilogram Γëê 2.205 pounds (13 ms)
      Γ£ô 1000 grams = 1 kilogram (8 ms)
    Temperature Conversions
      Γ£ô 0┬░C = 32┬░F (9 ms)
      Γ£ô 100┬░C = 212┬░F (14 ms)
      Γ£ô 32┬░F = 0┬░C (9 ms)
      Γ£ô 0┬░C = 273.15K (4 ms)
      Γ£ô 273.15K = 0┬░C (7 ms)
      Γ£ô 0K = -459.67┬░F (6 ms)
      Γ£ô -40┬░F = -40┬░C (5 ms)
    Volume Conversions
      Γ£ô 1 liter Γëê 0.264 US gallons (5 ms)
    Speed Conversions
      Γ£ô 1 m/s = 3.6 km/h (7 ms)
    Swap Functionality
      Γ£ô swap button exchanges from and to units (4 ms)
    Edge Cases
      Γ£ô handles missing value with alert (4 ms)
      Γ£ô initializes without form gracefully (3 ms)

Test Suites: 4 failed, 5 passed, 9 total
Tests:       17 failed, 131 passed, 148 total
Snapshots:   0 total
Time:        1.891 s
Ran all test suites.

