docker : time="2026-02-21T23:34:00+05:30" 
level=warning 
msg="H:\\boringwebsite\\docker-compose.yml: the 
attribute `version` is obsolete, it will be 
ignored, please remove it to avoid potential 
confusion"
At line:1 char:1
+ docker compose run --rm test > test-output.txt 
2>&1; Get-Content test ...
+ 
~~~~~~~~~~~~~~~~~~~~~~~~~~~~~~~~~~~~~~~~~~~~~~~~~~~
    + CategoryInfo          : NotSpecified: (time=" 
   2026-02-2...tial confusion":String) [], RemoteE  
  xception
    + FullyQualifiedErrorId : NativeCommandError
 
time="2026-02-21T23:34:00+05:30" level=warning 
msg="No services to build"
time="2026-02-21T23:34:00+05:30" level=warning 
msg="No services to build"
 Container boringwebsite-test-run-f981a6ac204b 
Creating 
 Container boringwebsite-test-run-f981a6ac204b 
Created 

> boringwebsite@1.0.0 test:coverage
> jest --coverage --verbose --forceExit --detectOpenHandles 2>&1

PASS tests/unit-converter.test.js
  Unit Converter Tool
    Length Conversions
      Γ£ô 1 kilometer = 1000 meters (75 ms)
      Γ£ô 1 mile Γëê 1.609 kilometers (23 ms)
      Γ£ô 1 foot = 12 inches (16 ms)
      Γ£ô 100 centimeters = 1 meter (12 ms)
    Weight Conversions
      Γ£ô 1 kilogram Γëê 2.205 pounds (17 ms)
      Γ£ô 1000 grams = 1 kilogram (17 ms)
    Temperature Conversions
      Γ£ô 0┬░C = 32┬░F (11 ms)
      Γ£ô 100┬░C = 212┬░F (12 ms)
      Γ£ô 32┬░F = 0┬░C (15 ms)
      Γ£ô 0┬░C = 273.15K (13 ms)
      Γ£ô 273.15K = 0┬░C (11 ms)
    Volume Conversions
      Γ£ô 1 liter Γëê 0.264 US gallons (11 ms)
    Speed Conversions
      Γ£ô 1 m/s = 3.6 km/h (9 ms)
    Swap Functionality
      Γ£ô swap button exchanges from and to units (16 ms)
    Category Change
      Γ£ô changing category populates unit dropdowns (12 ms)
      Γ£ô all 5 categories have units (18 ms)
    Result Display
      Γ£ô result box gets visible class (13 ms)
      Γ£ô result label shows conversion description (10 ms)

  console.log
    ≡ƒö¿ Building DailyLift...

      at log (scripts/build.js:187:13)

  console.log
    ≡ƒº╣ Cleaned dist/

      at log (scripts/build.js:191:13)

  console.log
    ≡ƒôü Copied src/ ΓåÆ dist/

      at log (scripts/build.js:195:13)

  console.log
    ≡ƒôè Copied data/ ΓåÆ dist/data/

      at log (scripts/build.js:199:13)

  console.log
    ≡ƒô¥ Processing blog posts...

      at log (scripts/build.js:51:13)

  console.log
      Γ£à build-healthy-daily-routine.html

      at log (scripts/build.js:176:17)

  console.log
      Γ£à digital-minimalism-reclaim-attention.html

      at log (scripts/build.js:176:17)

  console.log
      Γ£à free-tools-every-student.html

      at log (scripts/build.js:176:17)

  console.log
      Γ£à guide-splitting-bills-fairly.html

      at log (scripts/build.js:176:17)

  console.log
      Γ£à metric-imperial-conversion-guide.html

      at log (scripts/build.js:176:17)

  console.log
      Γ£à morning-habits-productivity.html

      at log (scripts/build.js:176:17)

  console.log
      Γ£à personal-finance-money-rules.html

      at log (scripts/build.js:176:17)

  console.log
      Γ£à powerful-quotes-start-week.html

      at log (scripts/build.js:176:17)

  console.log
      Γ£à science-of-motivation-quotes.html

      at log (scripts/build.js:176:17)

  console.log
      Γ£à understanding-bmi-health.html

      at log (scripts/build.js:176:17)

  console.log
    ≡ƒôæ Generated blog-index.json (10 posts)

      at log (scripts/build.js:208:13)

  console.log
    ≡ƒñû Generated robots.txt

      at log (scripts/build.js:216:13)

  console.log
    ≡ƒù║∩╕Å Generating sitemap.xml...

      at log (scripts/generate-sitemap.js:28:13)

  console.log
    Γ£à Generated sitemap.xml with 14 URLs

      at log (scripts/generate-sitemap.js:58:13)

  console.log
    
    Γ£à Build complete! Output: dist/

      at log (scripts/build.js:221:13)

PASS tests/build.test.js
  Build Script
    Directory Structure
      Γ£ô creates dist/ directory
      Γ£ô creates dist/css/ directory
      Γ£ô creates dist/js/ directory
      Γ£ô creates dist/tools/ directory (1 ms)
      Γ£ô creates dist/data/ directory
      Γ£ô creates dist/blog/ directory
    Source File Copying
      Γ£ô copies index.html to dist/
      Γ£ô copies tools.html to dist/ (1 ms)
      Γ£ô copies blog.html to dist/ (1 ms)
      Γ£ô copies about.html to dist/ (1 ms)
      Γ£ô copies style.css to dist/css/ (1 ms)
      Γ£ô copies app.js to dist/js/
      Γ£ô copies bill-splitter.js to dist/tools/ (1 ms)
      Γ£ô copies bmi-calculator.js to dist/tools/ (1 ms)
      Γ£ô copies unit-converter.js to dist/tools/ (1 ms)
    Data Files
      Γ£ô copies current-quote.json to dist/data/ (1 ms)
      Γ£ô copies quotes-collection.json to dist/data/
      Γ£ô current-quote.json is valid JSON with required fields (1 ms)
      Γ£ô quotes-collection.json is a non-empty array (1 ms)
      Γ£ô each quote in collection has text and author (11 ms)
    Blog Processing
      Γ£ô generates blog-index.json in dist/data/ (1 ms)
      Γ£ô blog-index.json is valid JSON array (1 ms)
      Γ£ô blog-index.json contains entries for all Markdown files (1 ms)
      Γ£ô blog index entries have required fields (4 ms)
      Γ£ô blog index is sorted by date descending (1 ms)
      Γ£ô generates HTML files for each blog post (1 ms)
      Γ£ô blog HTML files contain article content (2 ms)
      Γ£ô blog HTML has correct navigation links (1 ms)
    SEO Files
      Γ£ô generates robots.txt in dist/
      Γ£ô robots.txt contains required directives
      Γ£ô generates sitemap.xml in dist/ (1 ms)
      Γ£ô sitemap.xml is valid XML with URL entries
      Γ£ô sitemap includes all HTML pages (1 ms)
    File Integrity
      Γ£ô CSS file is not empty
      Γ£ô JS file is not empty
      Γ£ô source and dist CSS files match

FAIL tests/html-validation.test.js
  ΓùÅ Test suite failed to run

    ReferenceError: File is not defined

       7 | const fs = require('fs');
       8 | const path = require('path');
    >  9 | const cheerio = require('cheerio');
         |                 ^
      10 |
      11 | const SRC = path.join(__dirname, '..', 'src');
      12 | const PAGES = ['index.html', 'tools.html', 'blog.html', 'about.html'];

      at Object.<anonymous> (node_modules/undici/lib/web/webidl/index.js:534:48)
      at Object.<anonymous> (node_modules/undici/lib/web/fetch/util.js:12:20)
      at Object.<anonymous> (node_modules/undici/lib/web/fetch/headers.js:11:5)
      at Object.<anonymous> (node_modules/undici/lib/web/fetch/response.js:3:90)
      at Object.<anonymous> (node_modules/undici/lib/web/fetch/index.js:12:5)
      at Object.<anonymous> (node_modules/undici/index.js:122:19)
      at Object.<anonymous> (node_modules/cheerio/src/index.ts:24:1)
      at Object.require (tests/html-validation.test.js:9:17)

PASS tests/lint.test.js
  Lint Checks
    HTML Files
      Γ£ô index.html has DOCTYPE
      Γ£ô tools.html has DOCTYPE
      Γ£ô blog.html has DOCTYPE (3 ms)
      Γ£ô about.html has DOCTYPE
      Γ£ô index.html has charset meta
      Γ£ô tools.html has charset meta
      Γ£ô blog.html has charset meta (1 ms)
      Γ£ô about.html has charset meta
      Γ£ô index.html has viewport meta (1 ms)
      Γ£ô tools.html has viewport meta
      Γ£ô blog.html has viewport meta (1 ms)
      Γ£ô about.html has viewport meta (1 ms)
      Γ£ô index.html has non-empty title (1 ms)
      Γ£ô tools.html has non-empty title (1 ms)
      Γ£ô blog.html has non-empty title
      Γ£ô about.html has non-empty title
      Γ£ô index.html has lang attribute (1 ms)
      Γ£ô tools.html has lang attribute
      Γ£ô blog.html has lang attribute (1 ms)
      Γ£ô about.html has lang attribute (1 ms)
    JavaScript Files
      Γ£ô no JS file uses eval() (1 ms)
      Γ£ô no JS file uses document.write()
      Γ£ô all JS files are non-empty
    JSON Files
      Γ£ô current-quote.json is valid JSON (1 ms)
      Γ£ô quotes-collection.json is valid JSON
    YAML Files
      Γ£ô YAML files exist
      Γ£ô no YAML file contains tabs (1 ms)
      Γ£ô all YAML files are non-empty (1 ms)
    CSS Files
      Γ£ô style.css has balanced curly braces
      Γ£ô style.css is non-empty (1 ms)
      Γ£ô style.css imports Google Fonts (4 ms)
      Γ£ô style.css defines CSS custom properties (1 ms)
      Γ£ô style.css has responsive breakpoints
    File Structure
      Γ£ô required directories exist (1 ms)
      Γ£ô required root files exist (3 ms)
      Γ£ô blog has at least 10 markdown articles
      Γ£ô workflows directory has required YAML files (1 ms)

PASS tests/fetch-quote.test.js
  Fetch Quote Script
    Data File Validation
      Γ£ô current-quote.json exists (1 ms)
      Γ£ô current-quote.json has valid structure
      Γ£ô current-quote.json date is valid ISO format (1 ms)
      Γ£ô current-quote.json text is non-empty
      Γ£ô current-quote.json author is non-empty (1 ms)
    Collection File Validation
      Γ£ô quotes-collection.json exists
      Γ£ô quotes-collection.json is an array (1 ms)
      Γ£ô collection has at least 10 quotes
      Γ£ô each collection entry has text and author (11 ms)
      Γ£ô no duplicate quotes in collection (1 ms)
      Γ£ô all quotes have non-empty text (4 ms)
      Γ£ô all quotes have non-empty author (1 ms)
    Duplicate Detection Logic
      Γ£ô identical texts are detected as duplicates (1 ms)
      Γ£ô case-insensitive duplicate detection
      Γ£ô unique quotes are not detected as duplicates (1 ms)
      Γ£ô whitespace-trimmed duplicate detection

PASS tests/bmi-calculator.test.js
  BMI Calculator Tool
    BMI Formula
      Γ£ô 70kg, 175cm ΓåÆ BMI Γëê 22.9 (22 ms)
      Γ£ô 50kg, 160cm ΓåÆ BMI Γëê 19.5 (10 ms)
      Γ£ô 100kg, 180cm ΓåÆ BMI Γëê 30.9 (10 ms)
      Γ£ô 45kg, 170cm ΓåÆ BMI Γëê 15.6 (8 ms)
    BMI Categories
      Γ£ô BMI 15 ΓåÆ Severely Underweight (12 ms)
      Γ£ô BMI 22 ΓåÆ Normal Weight (8 ms)
      Γ£ô BMI 27 ΓåÆ Overweight (11 ms)
      Γ£ô BMI 32 ΓåÆ Obese Class I (7 ms)
    Gauge Display
      Γ£ô gauge becomes visible after calculation (7 ms)
      Γ£ô gauge marker position is within 0-100% range (6 ms)
      Γ£ô higher BMI positions marker further right (18 ms)
    Result Display
      Γ£ô result box gets visible class (6 ms)
      Γ£ô BMI value shows 1 decimal place (7 ms)
      Γ£ô category has colored text (7 ms)

PASS tests/bill-splitter.test.js
  Bill Splitter Tool
    Basic Calculations
      Γ£ô splits Γé╣1000 between 2 people with 0% tip (14 ms)
      Γ£ô splits Γé╣1000 between 4 people with 10% tip (8 ms)
      Γ£ô splits Γé╣2500 between 3 people with 15% tip (6 ms)
      Γ£ô handles single person (7 ms)
      Γ£ô handles large group of 10 people (13 ms)
    Tip Calculations
      Γ£ô 0% tip gives no additional amount (8 ms)
      Γ£ô 100% tip doubles the bill (11 ms)
      Γ£ô 5% tip on Γé╣200 (8 ms)
    Result Display
      Γ£ô result box gets visible class after calculation (8 ms)
      Γ£ô results format with 2 decimal places (6 ms)
    Edge Cases
      Γ£ô handles decimal bill amount (12 ms)
      Γ£ô handles no tip input (defaults to 0) (7 ms)

PASS tests/post-social.test.js
  Post Social Script
    Quote Data Reading
      Γ£ô can read current-quote.json (1 ms)
      Γ£ô quote has text suitable for social media
      Γ£ô quote has valid author for social media (1 ms)
    Tweet Formatting
      Γ£ô tweet format includes quote text
      Γ£ô tweet includes hashtags
      Γ£ô tweet includes site URL (1 ms)
      Γ£ô tweet with longest quote stays under 500 chars
    Environment Variable Handling
      Γ£ô SITE_URL defaults to dailylift.site when not set (1 ms)
      Γ£ô TWITTER_BEARER_TOKEN defaults to empty string
      Γ£ô IFTTT_WEBHOOK_KEY defaults to empty string (3 ms)
    IFTTT Webhook Payload
      Γ£ô webhook payload has correct structure (1 ms)
      Γ£ô webhook payload JSON is valid

PASS tests/generate-sitemap.test.js
  Generate Sitemap
    Γ£ô sitemap.xml exists in dist/ (1 ms)
    Γ£ô sitemap starts with XML declaration (1 ms)
    Γ£ô sitemap uses correct namespace
    Γ£ô sitemap has urlset root element (1 ms)
    Γ£ô each URL entry has loc, lastmod, changefreq, and priority (3 ms)
    Γ£ô homepage has priority 1.0
    Γ£ô tools page has priority 0.9 (1 ms)
    Γ£ô blog posts have priority 0.6
    Γ£ô lastmod dates are valid ISO date format (2 ms)
    Γ£ô all URLs use HTTPS (3 ms)
    Γ£ô sitemap includes all core pages (1 ms)
    Γ£ô changefreq values are valid (1 ms)

---------------------|---------|----------|---------|---------|-------------------
File                 | % Stmts | % Branch | % Funcs | % Lines | Uncovered Line #s 
---------------------|---------|----------|---------|---------|-------------------
All files            |   90.32 |    69.38 |      90 |   92.13 |                   
 build.js            |   88.05 |       50 |   85.71 |   89.06 | 21,42-46,54-55    
 generate-sitemap.js |   96.15 |    95.23 |     100 |     100 | 14                
---------------------|---------|----------|---------|---------|-------------------

=============================== Coverage summary ===============================
Statements   : 90.32% ( 84/93 )
Branches     : 69.38% ( 34/49 )
Functions    : 90% ( 9/10 )
Lines        : 92.13% ( 82/89 )
================================================================================
Jest: "global" coverage threshold for statements (95%) not met: 90.32%
Jest: "global" coverage threshold for branches (90%) not met: 69.38%
Jest: "global" coverage threshold for lines (95%) not met: 92.13%
Jest: "global" coverage threshold for functions (95%) not met: 90%
Test Suites: 1 failed, 8 passed, 9 total
Tests:       157 passed, 157 total
Snapshots:   0 total
Time:        2.827 s
Ran all test suites.

